// Jest Snapshot v1, https://goo.gl/fbAQLP

exports[`ButtonCounter.vue should match snapshot 1`] = `
<button
  class="test"
>
  0
</button>
`;
