// Jest Snapshot v1, https://goo.gl/fbAQLP

exports[`Hello.vue should match snapshot 1`] = `
<div
  class="hello"
>
  <h1>
    Welcome 
  </h1>
</div>
`;
